RAM Allocation
Variable                                                          Address   Size
--------------------------------------------------------------------------------
rx_buffer                                                         0160h       25
str                                                               0179h       12
Uinp                                                              0185h        2
Iizh                                                              0187h        2
Uzel                                                              0189h        2
Rbre                                                              018Bh        2
Pout                                                              018Dh        2
uizh0                                                             018Fh        2
iizh0                                                             0191h        2
Imax                                                              0193h        2
Umax                                                              0195h        2
nrread                                                            0197h        2
rxd                                                               0199h       25
enable                                                            01B2h        1
ADport                                                            01B3h        1
ui                                                                01B4h        1
ii                                                                01B5h        1
in                                                                01B6h        1
cl                                                                01B7h        4
wr                                                                01BBh        4
un                                                                01BFh       20
ip                                                                01D3h       20
r                                                                 01E7h        2
up                                                                01E9h        2
up1                                                               01EBh        2
up2                                                               01EDh        2
up3                                                               01EFh        2
wrk                                                               01F1h        2
menu                                                              01F3h        1
tx_buffer                                                         01F4h        8
tx_wr_index                                                       01FCh        1
tx_rd_index                                                       01FDh        1
tx_counter                                                        01FEh        1
_seed                                                             01FFh        4
p                                                                 0203h        2
_base_y                                                           0205h        4
_lcd_x                                                            0209h        1
_lcd_y                                                            020Ah        1
_lcd_maxx                                                         020Bh        1

EEPROM Allocation
Variable                                                          Address   Size
--------------------------------------------------------------------------------

Register Allocation
Variable                                                          Register  Size
--------------------------------------------------------------------------------
rx_wr_index                                                       R5           1
i                                                                 R6,R7        2
ir                                                                R8,R9        2
napstev                                                           R10,R11      2
Uizh                                                              R12,R13      2
scf                                                               R4           1
